................................................................         [100%]
=============================== warnings summary ===============================
.venv/lib/python3.12/site-packages/starlette/testclient.py:40
  /home/admin/Downloads/xinbiaozhu/opp261/a/.venv/lib/python3.12/site-packages/starlette/testclient.py:40: DeprecationWarning: The anyio.abc.BlockingPortal alias is deprecated, use anyio.from_thread.BlockingPortal instead.
    _PortalFactoryType = typing.Callable[[], typing.ContextManager[anyio.abc.BlockingPortal]]

-- Docs: https://docs.pytest.org/en/stable/how-to/capture-warnings.html
64 passed, 1 warning in 1.27s
